// Jest Snapshot v1, https://goo.gl/fbAQLP

exports[`Activities page renders correctly 1`] = `undefined`;
