// Jest Snapshot v1, https://goo.gl/fbAQLP

exports[`Parks page renders correctly 1`] = `undefined`;
